10:33:45.484 [main] INFO  o.s.b.t.c.SpringBootTestContextBootstrapper - Neither @ContextConfiguration nor @ContextHierarchy found for test class [net.engineeringdigest.JournalApp.service.EmailServiceTests], using SpringBootContextLoader
10:33:45.517 [main] INFO  o.s.t.c.s.AbstractContextLoader - Could not detect default resource locations for test class [net.engineeringdigest.JournalApp.service.EmailServiceTests]: no resource found for suffixes {-context.xml, Context.groovy}.
10:33:45.520 [main] INFO  o.s.t.c.s.AnnotationConfigContextLoaderUtils - Could not detect default configuration classes for test class [net.engineeringdigest.JournalApp.service.EmailServiceTests]: EmailServiceTests does not declare any static, non-private, non-final, nested classes annotated with @Configuration.
10:33:45.858 [main] INFO  o.s.b.t.c.SpringBootTestContextBootstrapper - Found @SpringBootConfiguration net.engineeringdigest.JournalApp.JournalApplication for test class net.engineeringdigest.JournalApp.service.EmailServiceTests
10:33:46.100 [main] INFO  o.s.b.t.c.SpringBootTestContextBootstrapper - Loaded default TestExecutionListener class names from location [META-INF/spring.factories]: [org.springframework.boot.test.mock.mockito.MockitoTestExecutionListener, org.springframework.boot.test.mock.mockito.ResetMocksTestExecutionListener, org.springframework.boot.test.autoconfigure.restdocs.RestDocsTestExecutionListener, org.springframework.boot.test.autoconfigure.web.client.MockRestServiceServerResetTestExecutionListener, org.springframework.boot.test.autoconfigure.web.servlet.MockMvcPrintOnlyOnFailureTestExecutionListener, org.springframework.boot.test.autoconfigure.web.servlet.WebDriverTestExecutionListener, org.springframework.boot.test.autoconfigure.webservices.client.MockWebServiceServerTestExecutionListener, org.springframework.test.context.web.ServletTestExecutionListener, org.springframework.test.context.support.DirtiesContextBeforeModesTestExecutionListener, org.springframework.test.context.event.ApplicationEventsTestExecutionListener, org.springframework.test.context.support.DependencyInjectionTestExecutionListener, org.springframework.test.context.support.DirtiesContextTestExecutionListener, org.springframework.test.context.transaction.TransactionalTestExecutionListener, org.springframework.test.context.jdbc.SqlScriptsTestExecutionListener, org.springframework.test.context.event.EventPublishingTestExecutionListener]
10:33:46.142 [main] INFO  o.s.b.t.c.SpringBootTestContextBootstrapper - Using TestExecutionListeners: [org.springframework.test.context.web.ServletTestExecutionListener@3dddefd8, org.springframework.test.context.support.DirtiesContextBeforeModesTestExecutionListener@160ac7fb, org.springframework.test.context.event.ApplicationEventsTestExecutionListener@12bfd80d, org.springframework.boot.test.mock.mockito.MockitoTestExecutionListener@41925502, org.springframework.boot.test.autoconfigure.SpringBootDependencyInjectionTestExecutionListener@13e3c1c7, org.springframework.test.context.support.DirtiesContextTestExecutionListener@5316e95f, org.springframework.test.context.transaction.TransactionalTestExecutionListener@3f053c80, org.springframework.test.context.jdbc.SqlScriptsTestExecutionListener@6c6c5427, org.springframework.test.context.event.EventPublishingTestExecutionListener@618c5d94, org.springframework.boot.test.mock.mockito.ResetMocksTestExecutionListener@5b40ceb, org.springframework.boot.test.autoconfigure.restdocs.RestDocsTestExecutionListener@13c3c1e1, org.springframework.boot.test.autoconfigure.web.client.MockRestServiceServerResetTestExecutionListener@1d8062d2, org.springframework.boot.test.autoconfigure.web.servlet.MockMvcPrintOnlyOnFailureTestExecutionListener@1e63ec0b, org.springframework.boot.test.autoconfigure.web.servlet.WebDriverTestExecutionListener@3b956878, org.springframework.boot.test.autoconfigure.webservices.client.MockWebServiceServerTestExecutionListener@36546a22]
10:33:46.895 [main] INFO  n.e.J.service.EmailServiceTests - Starting EmailServiceTests using Java 17.0.16 on priyanshu with PID 20048 (started by lenovo in C:\Users\lenovo\Downloads\JournalApp\JournalApp)
10:33:46.901 [main] INFO  n.e.J.service.EmailServiceTests - The following 1 profile is active: "dev"
10:33:48.572 [main] INFO  o.s.d.r.c.RepositoryConfigurationDelegate - Bootstrapping Spring Data MongoDB repositories in DEFAULT mode.
10:33:48.696 [main] INFO  o.s.d.r.c.RepositoryConfigurationDelegate - Finished Spring Data repository scanning in 116 ms. Found 3 MongoDB repository interfaces.
10:33:50.900 [cluster-ClusterId{value='6a677a5ed600a3246eda19b0', description='null'}-srv-cluster0.00beyc0.mongodb.net] INFO  org.mongodb.driver.cluster - Adding discovered server ac-7fti1kk-shard-00-01.00beyc0.mongodb.net:27017 to client view of cluster
10:33:50.929 [main] INFO  org.mongodb.driver.client - MongoClient with metadata {"driver": {"name": "mongo-java-driver|sync|spring-boot", "version": "4.6.1"}, "os": {"type": "Windows", "name": "Windows 11", "architecture": "amd64", "version": "10.0"}, "platform": "Java/Eclipse Adoptium/17.0.16+8", "application": {"name": "Cluster0"}} created with settings MongoClientSettings{readPreference=primary, writeConcern=WriteConcern{w=majority, wTimeout=null ms, journal=null}, retryWrites=true, retryReads=true, readConcern=ReadConcern{level=null}, credential=MongoCredential{mechanism=null, userName='sharma_priyanshu', source='admin', password=<hidden>, mechanismProperties=<hidden>}, streamFactoryFactory=null, commandListeners=[], codecRegistry=ProvidersCodecRegistry{codecProviders=[ValueCodecProvider{}, BsonValueCodecProvider{}, DBRefCodecProvider{}, DBObjectCodecProvider{}, DocumentCodecProvider{}, IterableCodecProvider{}, MapCodecProvider{}, GeoJsonCodecProvider{}, GridFSFileCodecProvider{}, Jsr310CodecProvider{}, JsonObjectCodecProvider{}, BsonCodecProvider{}, EnumCodecProvider{}, com.mongodb.Jep395RecordCodecProvider@72bd2871]}, clusterSettings={hosts=[127.0.0.1:27017], srvHost=cluster0.00beyc0.mongodb.net, srvServiceName=mongodb, mode=MULTIPLE, requiredClusterType=REPLICA_SET, requiredReplicaSetName='atlas-jgfo37-shard-0', serverSelector='null', clusterListeners='[]', serverSelectionTimeout='30000 ms', localThreshold='30000 ms'}, socketSettings=SocketSettings{connectTimeoutMS=10000, readTimeoutMS=0, receiveBufferSize=0, sendBufferSize=0}, heartbeatSocketSettings=SocketSettings{connectTimeoutMS=10000, readTimeoutMS=10000, receiveBufferSize=0, sendBufferSize=0}, connectionPoolSettings=ConnectionPoolSettings{maxSize=100, minSize=0, maxWaitTimeMS=120000, maxConnectionLifeTimeMS=0, maxConnectionIdleTimeMS=0, maintenanceInitialDelayMS=0, maintenanceFrequencyMS=60000, connectionPoolListeners=[], maxConnecting=2}, serverSettings=ServerSettings{heartbeatFrequencyMS=10000, minHeartbeatFrequencyMS=500, serverListeners='[]', serverMonitorListeners='[]'}, sslSettings=SslSettings{enabled=true, invalidHostNameAllowed=false, context=null}, applicationName='Cluster0', compressorList=[], uuidRepresentation=JAVA_LEGACY, serverApi=null, autoEncryptionSettings=null, contextProvider=null}
10:33:50.943 [cluster-ClusterId{value='6a677a5ed600a3246eda19b0', description='null'}-srv-cluster0.00beyc0.mongodb.net] INFO  org.mongodb.driver.cluster - Adding discovered server ac-7fti1kk-shard-00-00.00beyc0.mongodb.net:27017 to client view of cluster
10:33:50.946 [cluster-ClusterId{value='6a677a5ed600a3246eda19b0', description='null'}-srv-cluster0.00beyc0.mongodb.net] INFO  org.mongodb.driver.cluster - Adding discovered server ac-7fti1kk-shard-00-02.00beyc0.mongodb.net:27017 to client view of cluster
10:33:51.897 [cluster-rtt-ClusterId{value='6a677a5ed600a3246eda19b0', description='null'}-ac-7fti1kk-shard-00-02.00beyc0.mongodb.net:27017] INFO  org.mongodb.driver.connection - Opened connection [connectionId{localValue:4, serverValue:27539}] to ac-7fti1kk-shard-00-02.00beyc0.mongodb.net:27017
10:33:51.897 [cluster-rtt-ClusterId{value='6a677a5ed600a3246eda19b0', description='null'}-ac-7fti1kk-shard-00-01.00beyc0.mongodb.net:27017] INFO  org.mongodb.driver.connection - Opened connection [connectionId{localValue:3, serverValue:26001}] to ac-7fti1kk-shard-00-01.00beyc0.mongodb.net:27017
10:33:51.897 [cluster-rtt-ClusterId{value='6a677a5ed600a3246eda19b0', description='null'}-ac-7fti1kk-shard-00-00.00beyc0.mongodb.net:27017] INFO  org.mongodb.driver.connection - Opened connection [connectionId{localValue:2, serverValue:27028}] to ac-7fti1kk-shard-00-00.00beyc0.mongodb.net:27017
10:33:51.897 [cluster-ClusterId{value='6a677a5ed600a3246eda19b0', description='null'}-ac-7fti1kk-shard-00-01.00beyc0.mongodb.net:27017] INFO  org.mongodb.driver.connection - Opened connection [connectionId{localValue:5, serverValue:26001}] to ac-7fti1kk-shard-00-01.00beyc0.mongodb.net:27017
10:33:51.899 [cluster-ClusterId{value='6a677a5ed600a3246eda19b0', description='null'}-ac-7fti1kk-shard-00-01.00beyc0.mongodb.net:27017] INFO  org.mongodb.driver.cluster - Monitor thread successfully connected to server with description ServerDescription{address=ac-7fti1kk-shard-00-01.00beyc0.mongodb.net:27017, type=REPLICA_SET_SECONDARY, state=CONNECTED, ok=true, minWireVersion=0, maxWireVersion=25, maxDocumentSize=16777216, logicalSessionTimeoutMinutes=30, roundTripTimeNanos=455538700, setName='atlas-jgfo37-shard-0', canonicalAddress=ac-7fti1kk-shard-00-01.00beyc0.mongodb.net:27017, hosts=[ac-7fti1kk-shard-00-00.00beyc0.mongodb.net:27017, ac-7fti1kk-shard-00-02.00beyc0.mongodb.net:27017, ac-7fti1kk-shard-00-01.00beyc0.mongodb.net:27017], passives=[], arbiters=[], primary='ac-7fti1kk-shard-00-02.00beyc0.mongodb.net:27017', tagSet=TagSet{[Tag{name='availabilityZone', value='aps1-az3'}, Tag{name='cacheState', value='READY'}, Tag{name='diskState', value='READY'}, Tag{name='nodeType', value='ELECTABLE'}, Tag{name='provider', value='AWS'}, Tag{name='region', value='AP_SOUTH_1'}, Tag{name='workloadType', value='OPERATIONAL'}]}, electionId=null, setVersion=219, topologyVersion=TopologyVersion{processId=6a663c06edeacff8116b807f, counter=3}, lastWriteDate=Sun Jul 26 23:51:52 COT 2026, lastUpdateTimeNanos=75012056995700}
10:33:51.941 [cluster-ClusterId{value='6a677a5ed600a3246eda19b0', description='null'}-ac-7fti1kk-shard-00-02.00beyc0.mongodb.net:27017] INFO  org.mongodb.driver.connection - Opened connection [connectionId{localValue:1, serverValue:27539}] to ac-7fti1kk-shard-00-02.00beyc0.mongodb.net:27017
10:33:51.941 [cluster-ClusterId{value='6a677a5ed600a3246eda19b0', description='null'}-ac-7fti1kk-shard-00-02.00beyc0.mongodb.net:27017] INFO  org.mongodb.driver.cluster - Monitor thread successfully connected to server with description ServerDescription{address=ac-7fti1kk-shard-00-02.00beyc0.mongodb.net:27017, type=REPLICA_SET_PRIMARY, state=CONNECTED, ok=true, minWireVersion=0, maxWireVersion=25, maxDocumentSize=16777216, logicalSessionTimeoutMinutes=30, roundTripTimeNanos=500790900, setName='atlas-jgfo37-shard-0', canonicalAddress=ac-7fti1kk-shard-00-02.00beyc0.mongodb.net:27017, hosts=[ac-7fti1kk-shard-00-00.00beyc0.mongodb.net:27017, ac-7fti1kk-shard-00-02.00beyc0.mongodb.net:27017, ac-7fti1kk-shard-00-01.00beyc0.mongodb.net:27017], passives=[], arbiters=[], primary='ac-7fti1kk-shard-00-02.00beyc0.mongodb.net:27017', tagSet=TagSet{[Tag{name='availabilityZone', value='aps1-az2'}, Tag{name='cacheState', value='READY'}, Tag{name='diskState', value='READY'}, Tag{name='nodeType', value='ELECTABLE'}, Tag{name='provider', value='AWS'}, Tag{name='region', value='AP_SOUTH_1'}, Tag{name='workloadType', value='OPERATIONAL'}]}, electionId=7fffffff00000000000002e6, setVersion=219, topologyVersion=TopologyVersion{processId=6a6639cadb0c79f7a86dc9d3, counter=6}, lastWriteDate=Sun Jul 26 23:51:52 COT 2026, lastUpdateTimeNanos=75012102307300}
10:33:51.942 [cluster-ClusterId{value='6a677a5ed600a3246eda19b0', description='null'}-ac-7fti1kk-shard-00-02.00beyc0.mongodb.net:27017] INFO  org.mongodb.driver.cluster - Setting max election id to 7fffffff00000000000002e6 from replica set primary ac-7fti1kk-shard-00-02.00beyc0.mongodb.net:27017
10:33:51.943 [cluster-ClusterId{value='6a677a5ed600a3246eda19b0', description='null'}-ac-7fti1kk-shard-00-02.00beyc0.mongodb.net:27017] INFO  org.mongodb.driver.cluster - Setting max set version to 219 from replica set primary ac-7fti1kk-shard-00-02.00beyc0.mongodb.net:27017
10:33:51.943 [cluster-ClusterId{value='6a677a5ed600a3246eda19b0', description='null'}-ac-7fti1kk-shard-00-02.00beyc0.mongodb.net:27017] INFO  org.mongodb.driver.cluster - Discovered replica set primary ac-7fti1kk-shard-00-02.00beyc0.mongodb.net:27017
10:33:51.972 [cluster-ClusterId{value='6a677a5ed600a3246eda19b0', description='null'}-ac-7fti1kk-shard-00-00.00beyc0.mongodb.net:27017] INFO  org.mongodb.driver.connection - Opened connection [connectionId{localValue:6, serverValue:27028}] to ac-7fti1kk-shard-00-00.00beyc0.mongodb.net:27017
10:33:51.973 [cluster-ClusterId{value='6a677a5ed600a3246eda19b0', description='null'}-ac-7fti1kk-shard-00-00.00beyc0.mongodb.net:27017] INFO  org.mongodb.driver.cluster - Monitor thread successfully connected to server with description ServerDescription{address=ac-7fti1kk-shard-00-00.00beyc0.mongodb.net:27017, type=REPLICA_SET_SECONDARY, state=CONNECTED, ok=true, minWireVersion=0, maxWireVersion=25, maxDocumentSize=16777216, logicalSessionTimeoutMinutes=30, roundTripTimeNanos=531486000, setName='atlas-jgfo37-shard-0', canonicalAddress=ac-7fti1kk-shard-00-00.00beyc0.mongodb.net:27017, hosts=[ac-7fti1kk-shard-00-00.00beyc0.mongodb.net:27017, ac-7fti1kk-shard-00-02.00beyc0.mongodb.net:27017, ac-7fti1kk-shard-00-01.00beyc0.mongodb.net:27017], passives=[], arbiters=[], primary='ac-7fti1kk-shard-00-02.00beyc0.mongodb.net:27017', tagSet=TagSet{[Tag{name='availabilityZone', value='aps1-az1'}, Tag{name='cacheState', value='READY'}, Tag{name='diskState', value='READY'}, Tag{name='nodeType', value='ELECTABLE'}, Tag{name='provider', value='AWS'}, Tag{name='region', value='AP_SOUTH_1'}, Tag{name='workloadType', value='OPERATIONAL'}]}, electionId=null, setVersion=219, topologyVersion=TopologyVersion{processId=6a66379871f8a82ca3e77310, counter=4}, lastWriteDate=Sun Jul 26 23:51:52 COT 2026, lastUpdateTimeNanos=75012132945900}
10:33:52.259 [main] INFO  org.mongodb.driver.connection - Opened connection [connectionId{localValue:7, serverValue:27621}] to ac-7fti1kk-shard-00-02.00beyc0.mongodb.net:27017
10:33:53.468 [main] INFO  o.s.s.web.DefaultSecurityFilterChain - Will secure any request with [org.springframework.security.web.session.DisableEncodeUrlFilter@12e007be, org.springframework.security.web.context.request.async.WebAsyncManagerIntegrationFilter@3335afcf, org.springframework.security.web.context.SecurityContextPersistenceFilter@4ab66127, org.springframework.security.web.header.HeaderWriterFilter@4cd7d5e1, org.springframework.security.web.authentication.logout.LogoutFilter@1426370c, org.springframework.security.web.authentication.www.BasicAuthenticationFilter@505f45cc, org.springframework.security.web.savedrequest.RequestCacheAwareFilter@2cd3fc29, org.springframework.security.web.servletapi.SecurityContextHolderAwareRequestFilter@3ba3f40d, org.springframework.security.web.authentication.AnonymousAuthenticationFilter@699e0bf0, org.springframework.security.web.session.SessionManagementFilter@29b5533, org.springframework.security.web.access.ExceptionTranslationFilter@44fb6ebd, org.springframework.security.web.access.intercept.FilterSecurityInterceptor@14b5752f]
10:33:55.218 [main] INFO  n.e.J.service.EmailServiceTests - Started EmailServiceTests in 8.978 seconds (JVM running for 12.536)
10:33:59.122 [main] ERROR n.e.JournalApp.service.EmailService - Exception while sendEmail
org.springframework.mail.MailSendException: Failed messages: com.sun.mail.smtp.SMTPSendFailedException: 530-5.7.0 Must issue a STARTTLS command first. For more information, go to
530-5.7.0  https://support.google.com/a/answer/3221692 and review RFC 3207
530 5.7.0 specifications. a92af1059eb24-13e5c921686sm11007635c88.4 - gsmtp

	at org.springframework.mail.javamail.JavaMailSenderImpl.doSend(JavaMailSenderImpl.java:491)
	at org.springframework.mail.javamail.JavaMailSenderImpl.send(JavaMailSenderImpl.java:323)
	at org.springframework.mail.javamail.JavaMailSenderImpl.send(JavaMailSenderImpl.java:312)
	at net.engineeringdigest.JournalApp.service.EmailService.sendEmail(EmailService.java:24)
	at net.engineeringdigest.JournalApp.service.EmailServiceTests.testSendMail(EmailServiceTests.java:15)
	at java.base/jdk.internal.reflect.NativeMethodAccessorImpl.invoke0(Native Method)
	at java.base/jdk.internal.reflect.NativeMethodAccessorImpl.invoke(NativeMethodAccessorImpl.java:77)
	at java.base/jdk.internal.reflect.DelegatingMethodAccessorImpl.invoke(DelegatingMethodAccessorImpl.java:43)
	at java.base/java.lang.reflect.Method.invoke(Method.java:569)
	at org.junit.platform.commons.util.ReflectionUtils.invokeMethod(ReflectionUtils.java:725)
	at org.junit.jupiter.engine.execution.MethodInvocation.proceed(MethodInvocation.java:60)
	at org.junit.jupiter.engine.execution.InvocationInterceptorChain$ValidatingInvocation.proceed(InvocationInterceptorChain.java:131)
	at org.junit.jupiter.engine.extension.TimeoutExtension.intercept(TimeoutExtension.java:149)
	at org.junit.jupiter.engine.extension.TimeoutExtension.interceptTestableMethod(TimeoutExtension.java:140)
	at org.junit.jupiter.engine.extension.TimeoutExtension.interceptTestMethod(TimeoutExtension.java:84)
	at org.junit.jupiter.engine.execution.ExecutableInvoker$ReflectiveInterceptorCall.lambda$ofVoidMethod$0(ExecutableInvoker.java:115)
	at org.junit.jupiter.engine.execution.ExecutableInvoker.lambda$invoke$0(ExecutableInvoker.java:105)
	at org.junit.jupiter.engine.execution.InvocationInterceptorChain$InterceptedInvocation.proceed(InvocationInterceptorChain.java:106)
	at org.junit.jupiter.engine.execution.InvocationInterceptorChain.proceed(InvocationInterceptorChain.java:64)
	at org.junit.jupiter.engine.execution.InvocationInterceptorChain.chainAndInvoke(InvocationInterceptorChain.java:45)
	at org.junit.jupiter.engine.execution.InvocationInterceptorChain.invoke(InvocationInterceptorChain.java:37)
	at org.junit.jupiter.engine.execution.ExecutableInvoker.invoke(ExecutableInvoker.java:104)
	at org.junit.jupiter.engine.execution.ExecutableInvoker.invoke(ExecutableInvoker.java:98)
	at org.junit.jupiter.engine.descriptor.TestMethodTestDescriptor.lambda$invokeTestMethod$7(TestMethodTestDescriptor.java:214)
	at org.junit.platform.engine.support.hierarchical.ThrowableCollector.execute(ThrowableCollector.java:73)
	at org.junit.jupiter.engine.descriptor.TestMethodTestDescriptor.invokeTestMethod(TestMethodTestDescriptor.java:210)
	at org.junit.jupiter.engine.descriptor.TestMethodTestDescriptor.execute(TestMethodTestDescriptor.java:135)
	at org.junit.jupiter.engine.descriptor.TestMethodTestDescriptor.execute(TestMethodTestDescriptor.java:66)
	at org.junit.platform.engine.support.hierarchical.NodeTestTask.lambda$executeRecursively$6(NodeTestTask.java:151)
	at org.junit.platform.engine.support.hierarchical.ThrowableCollector.execute(ThrowableCollector.java:73)
	at org.junit.platform.engine.support.hierarchical.NodeTestTask.lambda$executeRecursively$8(NodeTestTask.java:141)
	at org.junit.platform.engine.support.hierarchical.Node.around(Node.java:137)
	at org.junit.platform.engine.support.hierarchical.NodeTestTask.lambda$executeRecursively$9(NodeTestTask.java:139)
	at org.junit.platform.engine.support.hierarchical.ThrowableCollector.execute(ThrowableCollector.java:73)
	at org.junit.platform.engine.support.hierarchical.NodeTestTask.executeRecursively(NodeTestTask.java:138)
	at org.junit.platform.engine.support.hierarchical.NodeTestTask.execute(NodeTestTask.java:95)
	at java.base/java.util.ArrayList.forEach(ArrayList.java:1511)
	at org.junit.platform.engine.support.hierarchical.SameThreadHierarchicalTestExecutorService.invokeAll(SameThreadHierarchicalTestExecutorService.java:41)
	at org.junit.platform.engine.support.hierarchical.NodeTestTask.lambda$executeRecursively$6(NodeTestTask.java:155)
	at org.junit.platform.engine.support.hierarchical.ThrowableCollector.execute(ThrowableCollector.java:73)
	at org.junit.platform.engine.support.hierarchical.NodeTestTask.lambda$executeRecursively$8(NodeTestTask.java:141)
	at org.junit.platform.engine.support.hierarchical.Node.around(Node.java:137)
	at org.junit.platform.engine.support.hierarchical.NodeTestTask.lambda$executeRecursively$9(NodeTestTask.java:139)
	at org.junit.platform.engine.support.hierarchical.ThrowableCollector.execute(ThrowableCollector.java:73)
	at org.junit.platform.engine.support.hierarchical.NodeTestTask.executeRecursively(NodeTestTask.java:138)
	at org.junit.platform.engine.support.hierarchical.NodeTestTask.execute(NodeTestTask.java:95)
	at java.base/java.util.ArrayList.forEach(ArrayList.java:1511)
	at org.junit.platform.engine.support.hierarchical.SameThreadHierarchicalTestExecutorService.invokeAll(SameThreadHierarchicalTestExecutorService.java:41)
	at org.junit.platform.engine.support.hierarchical.NodeTestTask.lambda$executeRecursively$6(NodeTestTask.java:155)
	at org.junit.platform.engine.support.hierarchical.ThrowableCollector.execute(ThrowableCollector.java:73)
	at org.junit.platform.engine.support.hierarchical.NodeTestTask.lambda$executeRecursively$8(NodeTestTask.java:141)
	at org.junit.platform.engine.support.hierarchical.Node.around(Node.java:137)
	at org.junit.platform.engine.support.hierarchical.NodeTestTask.lambda$executeRecursively$9(NodeTestTask.java:139)
	at org.junit.platform.engine.support.hierarchical.ThrowableCollector.execute(ThrowableCollector.java:73)
	at org.junit.platform.engine.support.hierarchical.NodeTestTask.executeRecursively(NodeTestTask.java:138)
	at org.junit.platform.engine.support.hierarchical.NodeTestTask.execute(NodeTestTask.java:95)
	at org.junit.platform.engine.support.hierarchical.SameThreadHierarchicalTestExecutorService.submit(SameThreadHierarchicalTestExecutorService.java:35)
	at org.junit.platform.engine.support.hierarchical.HierarchicalTestExecutor.execute(HierarchicalTestExecutor.java:57)
	at org.junit.platform.engine.support.hierarchical.HierarchicalTestEngine.execute(HierarchicalTestEngine.java:54)
	at org.junit.platform.launcher.core.EngineExecutionOrchestrator.execute(EngineExecutionOrchestrator.java:107)
	at org.junit.platform.launcher.core.EngineExecutionOrchestrator.execute(EngineExecutionOrchestrator.java:88)
	at org.junit.platform.launcher.core.EngineExecutionOrchestrator.lambda$execute$0(EngineExecutionOrchestrator.java:54)
	at org.junit.platform.launcher.core.EngineExecutionOrchestrator.withInterceptedStreams(EngineExecutionOrchestrator.java:67)
	at org.junit.platform.launcher.core.EngineExecutionOrchestrator.execute(EngineExecutionOrchestrator.java:52)
	at org.junit.platform.launcher.core.DefaultLauncher.execute(DefaultLauncher.java:114)
	at org.junit.platform.launcher.core.DefaultLauncher.execute(DefaultLauncher.java:86)
	at org.junit.platform.launcher.core.DefaultLauncherSession$DelegatingLauncher.execute(DefaultLauncherSession.java:86)
	at org.junit.platform.launcher.core.SessionPerRequestLauncher.execute(SessionPerRequestLauncher.java:53)
	at com.intellij.junit5.JUnit5TestRunnerHelper.execute(JUnit5TestRunnerHelper.java:134)
	at com.intellij.junit5.JUnit5IdeaTestRunner.startRunnerWithArgs(JUnit5IdeaTestRunner.java:70)
	at com.intellij.rt.junit.IdeaTestRunner$Repeater$1.execute(IdeaTestRunner.java:38)
	at com.intellij.rt.execution.junit.TestsRepeater.repeat(TestsRepeater.java:11)
	at com.intellij.rt.junit.IdeaTestRunner$Repeater.startRunnerWithArgs(IdeaTestRunner.java:35)
	at com.intellij.rt.junit.JUnitStarter.prepareStreamsAndStart(JUnitStarter.java:225)
	at com.intellij.rt.junit.JUnitStarter.main(JUnitStarter.java:61)
