10:59:00.700 [main] INFO  o.s.b.w.e.tomcat.TomcatWebServer - Tomcat initialized with port(s): 8080 (http)
10:59:00.780 [main] INFO  o.a.coyote.http11.Http11NioProtocol - Initializing ProtocolHandler ["http-nio-8080"]
10:59:00.809 [main] INFO  o.a.catalina.core.StandardService - Starting service [Tomcat]
10:59:00.810 [main] INFO  o.a.catalina.core.StandardEngine - Starting Servlet engine: [Apache Tomcat/9.0.83]
10:59:01.316 [main] INFO  o.a.c.c.C.[.[localhost].[/_journal] - Initializing Spring embedded WebApplicationContext
10:59:01.316 [main] INFO  o.s.b.w.s.c.ServletWebServerApplicationContext - Root WebApplicationContext: initialization completed in 4661 ms
10:59:02.068 [main] INFO  org.mongodb.driver.client - MongoClient with metadata {"driver": {"name": "mongo-java-driver|sync|spring-boot", "version": "4.6.1"}, "os": {"type": "Windows", "name": "Windows 11", "architecture": "amd64", "version": "10.0"}, "platform": "Java/Eclipse Adoptium/17.0.16+8", "application": {"name": "Cluster0"}} created with settings MongoClientSettings{readPreference=primary, writeConcern=WriteConcern{w=majority, wTimeout=null ms, journal=null}, retryWrites=true, retryReads=true, readConcern=ReadConcern{level=null}, credential=MongoCredential{mechanism=null, userName='sharma_priyanshu', source='admin', password=<hidden>, mechanismProperties=<hidden>}, streamFactoryFactory=null, commandListeners=[], codecRegistry=ProvidersCodecRegistry{codecProviders=[ValueCodecProvider{}, BsonValueCodecProvider{}, DBRefCodecProvider{}, DBObjectCodecProvider{}, DocumentCodecProvider{}, IterableCodecProvider{}, MapCodecProvider{}, GeoJsonCodecProvider{}, GridFSFileCodecProvider{}, Jsr310CodecProvider{}, JsonObjectCodecProvider{}, BsonCodecProvider{}, EnumCodecProvider{}, com.mongodb.Jep395RecordCodecProvider@4091b9c3]}, clusterSettings={hosts=[127.0.0.1:27017], srvHost=cluster0.00beyc0.mongodb.net, srvServiceName=mongodb, mode=MULTIPLE, requiredClusterType=REPLICA_SET, requiredReplicaSetName='atlas-jgfo37-shard-0', serverSelector='null', clusterListeners='[]', serverSelectionTimeout='30000 ms', localThreshold='30000 ms'}, socketSettings=SocketSettings{connectTimeoutMS=10000, readTimeoutMS=0, receiveBufferSize=0, sendBufferSize=0}, heartbeatSocketSettings=SocketSettings{connectTimeoutMS=10000, readTimeoutMS=10000, receiveBufferSize=0, sendBufferSize=0}, connectionPoolSettings=ConnectionPoolSettings{maxSize=100, minSize=0, maxWaitTimeMS=120000, maxConnectionLifeTimeMS=0, maxConnectionIdleTimeMS=0, maintenanceInitialDelayMS=0, maintenanceFrequencyMS=60000, connectionPoolListeners=[], maxConnecting=2}, serverSettings=ServerSettings{heartbeatFrequencyMS=10000, minHeartbeatFrequencyMS=500, serverListeners='[]', serverMonitorListeners='[]'}, sslSettings=SslSettings{enabled=true, invalidHostNameAllowed=false, context=null}, applicationName='Cluster0', compressorList=[], uuidRepresentation=JAVA_LEGACY, serverApi=null, autoEncryptionSettings=null, contextProvider=null}
10:59:02.091 [cluster-ClusterId{value='6a623a46df5a4335d8e2f2cf', description='null'}-srv-cluster0.00beyc0.mongodb.net] INFO  org.mongodb.driver.cluster - Adding discovered server ac-7fti1kk-shard-00-01.00beyc0.mongodb.net:27017 to client view of cluster
10:59:02.125 [cluster-ClusterId{value='6a623a46df5a4335d8e2f2cf', description='null'}-srv-cluster0.00beyc0.mongodb.net] INFO  org.mongodb.driver.cluster - Adding discovered server ac-7fti1kk-shard-00-00.00beyc0.mongodb.net:27017 to client view of cluster
10:59:02.128 [cluster-ClusterId{value='6a623a46df5a4335d8e2f2cf', description='null'}-srv-cluster0.00beyc0.mongodb.net] INFO  org.mongodb.driver.cluster - Adding discovered server ac-7fti1kk-shard-00-02.00beyc0.mongodb.net:27017 to client view of cluster
10:59:02.487 [main] INFO  org.mongodb.driver.cluster - No server chosen by com.mongodb.client.internal.MongoClientDelegate$1@25953be6 from cluster description ClusterDescription{type=REPLICA_SET, connectionMode=MULTIPLE, serverDescriptions=[ServerDescription{address=ac-7fti1kk-shard-00-01.00beyc0.mongodb.net:27017, type=UNKNOWN, state=CONNECTING}, ServerDescription{address=ac-7fti1kk-shard-00-00.00beyc0.mongodb.net:27017, type=UNKNOWN, state=CONNECTING}, ServerDescription{address=ac-7fti1kk-shard-00-02.00beyc0.mongodb.net:27017, type=UNKNOWN, state=CONNECTING}]}. Waiting for 30000 ms before timing out
10:59:02.735 [cluster-ClusterId{value='6a623a46df5a4335d8e2f2cf', description='null'}-ac-7fti1kk-shard-00-01.00beyc0.mongodb.net:27017] INFO  org.mongodb.driver.connection - Opened connection [connectionId{localValue:3, serverValue:90196}] to ac-7fti1kk-shard-00-01.00beyc0.mongodb.net:27017
10:59:02.735 [cluster-ClusterId{value='6a623a46df5a4335d8e2f2cf', description='null'}-ac-7fti1kk-shard-00-02.00beyc0.mongodb.net:27017] INFO  org.mongodb.driver.connection - Opened connection [connectionId{localValue:6, serverValue:86501}] to ac-7fti1kk-shard-00-02.00beyc0.mongodb.net:27017
10:59:02.735 [cluster-rtt-ClusterId{value='6a623a46df5a4335d8e2f2cf', description='null'}-ac-7fti1kk-shard-00-00.00beyc0.mongodb.net:27017] INFO  org.mongodb.driver.connection - Opened connection [connectionId{localValue:4, serverValue:86802}] to ac-7fti1kk-shard-00-00.00beyc0.mongodb.net:27017
10:59:02.737 [cluster-ClusterId{value='6a623a46df5a4335d8e2f2cf', description='null'}-ac-7fti1kk-shard-00-01.00beyc0.mongodb.net:27017] INFO  org.mongodb.driver.cluster - Monitor thread successfully connected to server with description ServerDescription{address=ac-7fti1kk-shard-00-01.00beyc0.mongodb.net:27017, type=REPLICA_SET_PRIMARY, state=CONNECTED, ok=true, minWireVersion=0, maxWireVersion=25, maxDocumentSize=16777216, logicalSessionTimeoutMinutes=30, roundTripTimeNanos=305462500, setName='atlas-jgfo37-shard-0', canonicalAddress=ac-7fti1kk-shard-00-01.00beyc0.mongodb.net:27017, hosts=[ac-7fti1kk-shard-00-00.00beyc0.mongodb.net:27017, ac-7fti1kk-shard-00-02.00beyc0.mongodb.net:27017, ac-7fti1kk-shard-00-01.00beyc0.mongodb.net:27017], passives=[], arbiters=[], primary='ac-7fti1kk-shard-00-01.00beyc0.mongodb.net:27017', tagSet=TagSet{[Tag{name='availabilityZone', value='aps1-az3'}, Tag{name='cacheState', value='READY'}, Tag{name='diskState', value='READY'}, Tag{name='nodeType', value='ELECTABLE'}, Tag{name='provider', value='AWS'}, Tag{name='region', value='AP_SOUTH_1'}, Tag{name='workloadType', value='OPERATIONAL'}]}, electionId=7fffffff00000000000002e5, setVersion=219, topologyVersion=TopologyVersion{processId=6a5f9861c2750d6f913df464, counter=6}, lastWriteDate=Thu Jul 23 00:17:09 COT 2026, lastUpdateTimeNanos=2877828573900}
10:59:02.738 [cluster-ClusterId{value='6a623a46df5a4335d8e2f2cf', description='null'}-ac-7fti1kk-shard-00-02.00beyc0.mongodb.net:27017] INFO  org.mongodb.driver.cluster - Monitor thread successfully connected to server with description ServerDescription{address=ac-7fti1kk-shard-00-02.00beyc0.mongodb.net:27017, type=REPLICA_SET_SECONDARY, state=CONNECTED, ok=true, minWireVersion=0, maxWireVersion=25, maxDocumentSize=16777216, logicalSessionTimeoutMinutes=30, roundTripTimeNanos=305327900, setName='atlas-jgfo37-shard-0', canonicalAddress=ac-7fti1kk-shard-00-02.00beyc0.mongodb.net:27017, hosts=[ac-7fti1kk-shard-00-00.00beyc0.mongodb.net:27017, ac-7fti1kk-shard-00-02.00beyc0.mongodb.net:27017, ac-7fti1kk-shard-00-01.00beyc0.mongodb.net:27017], passives=[], arbiters=[], primary='ac-7fti1kk-shard-00-01.00beyc0.mongodb.net:27017', tagSet=TagSet{[Tag{name='availabilityZone', value='aps1-az2'}, Tag{name='cacheState', value='READY'}, Tag{name='diskState', value='READY'}, Tag{name='nodeType', value='ELECTABLE'}, Tag{name='provider', value='AWS'}, Tag{name='region', value='AP_SOUTH_1'}, Tag{name='workloadType', value='OPERATIONAL'}]}, electionId=null, setVersion=219, topologyVersion=TopologyVersion{processId=6a5f98c08cc19f76cddc812f, counter=3}, lastWriteDate=Thu Jul 23 00:17:09 COT 2026, lastUpdateTimeNanos=2877828408400}
10:59:02.744 [cluster-ClusterId{value='6a623a46df5a4335d8e2f2cf', description='null'}-ac-7fti1kk-shard-00-01.00beyc0.mongodb.net:27017] INFO  org.mongodb.driver.cluster - Setting max election id to 7fffffff00000000000002e5 from replica set primary ac-7fti1kk-shard-00-01.00beyc0.mongodb.net:27017
10:59:02.744 [cluster-ClusterId{value='6a623a46df5a4335d8e2f2cf', description='null'}-ac-7fti1kk-shard-00-01.00beyc0.mongodb.net:27017] INFO  org.mongodb.driver.cluster - Setting max set version to 219 from replica set primary ac-7fti1kk-shard-00-01.00beyc0.mongodb.net:27017
10:59:02.744 [cluster-ClusterId{value='6a623a46df5a4335d8e2f2cf', description='null'}-ac-7fti1kk-shard-00-01.00beyc0.mongodb.net:27017] INFO  org.mongodb.driver.cluster - Discovered replica set primary ac-7fti1kk-shard-00-01.00beyc0.mongodb.net:27017
10:59:02.863 [cluster-rtt-ClusterId{value='6a623a46df5a4335d8e2f2cf', description='null'}-ac-7fti1kk-shard-00-02.00beyc0.mongodb.net:27017] INFO  org.mongodb.driver.connection - Opened connection [connectionId{localValue:2, serverValue:86498}] to ac-7fti1kk-shard-00-02.00beyc0.mongodb.net:27017
10:59:02.865 [cluster-rtt-ClusterId{value='6a623a46df5a4335d8e2f2cf', description='null'}-ac-7fti1kk-shard-00-01.00beyc0.mongodb.net:27017] INFO  org.mongodb.driver.connection - Opened connection [connectionId{localValue:1, serverValue:90148}] to ac-7fti1kk-shard-00-01.00beyc0.mongodb.net:27017
10:59:02.936 [main] INFO  org.mongodb.driver.connection - Opened connection [connectionId{localValue:7, serverValue:90182}] to ac-7fti1kk-shard-00-01.00beyc0.mongodb.net:27017
10:59:03.057 [cluster-ClusterId{value='6a623a46df5a4335d8e2f2cf', description='null'}-ac-7fti1kk-shard-00-00.00beyc0.mongodb.net:27017] INFO  org.mongodb.driver.connection - Opened connection [connectionId{localValue:5, serverValue:86803}] to ac-7fti1kk-shard-00-00.00beyc0.mongodb.net:27017
10:59:03.057 [cluster-ClusterId{value='6a623a46df5a4335d8e2f2cf', description='null'}-ac-7fti1kk-shard-00-00.00beyc0.mongodb.net:27017] INFO  org.mongodb.driver.cluster - Monitor thread successfully connected to server with description ServerDescription{address=ac-7fti1kk-shard-00-00.00beyc0.mongodb.net:27017, type=REPLICA_SET_SECONDARY, state=CONNECTED, ok=true, minWireVersion=0, maxWireVersion=25, maxDocumentSize=16777216, logicalSessionTimeoutMinutes=30, roundTripTimeNanos=627805100, setName='atlas-jgfo37-shard-0', canonicalAddress=ac-7fti1kk-shard-00-00.00beyc0.mongodb.net:27017, hosts=[ac-7fti1kk-shard-00-00.00beyc0.mongodb.net:27017, ac-7fti1kk-shard-00-02.00beyc0.mongodb.net:27017, ac-7fti1kk-shard-00-01.00beyc0.mongodb.net:27017], passives=[], arbiters=[], primary='ac-7fti1kk-shard-00-01.00beyc0.mongodb.net:27017', tagSet=TagSet{[Tag{name='availabilityZone', value='aps1-az1'}, Tag{name='cacheState', value='READY'}, Tag{name='diskState', value='READY'}, Tag{name='nodeType', value='ELECTABLE'}, Tag{name='provider', value='AWS'}, Tag{name='region', value='AP_SOUTH_1'}, Tag{name='workloadType', value='OPERATIONAL'}]}, electionId=null, setVersion=219, topologyVersion=TopologyVersion{processId=6a5f9802ada197b50e3a78d6, counter=4}, lastWriteDate=Thu Jul 23 00:17:09 COT 2026, lastUpdateTimeNanos=2878151442300}
10:59:03.209 [main] WARN  o.s.b.w.s.c.AnnotationConfigServletWebServerApplicationContext - Exception encountered during context initialization - cancelling refresh attempt: org.springframework.beans.factory.UnsatisfiedDependencyException: Error creating bean with name 'userController': Unsatisfied dependency expressed through field 'weatherservice'; nested exception is org.springframework.beans.factory.BeanCreationException: Error creating bean with name 'weatherService': Injection of autowired dependencies failed; nested exception is java.lang.IllegalArgumentException: Could not resolve placeholder 'weather.api.key' in value "${weather.api.key}"
10:59:03.324 [main] INFO  o.a.catalina.core.StandardService - Stopping service [Tomcat]
10:59:03.342 [main] INFO  o.s.b.a.l.ConditionEvaluationReportLoggingListener - 

Error starting ApplicationContext. To display the conditions report re-run your application with 'debug' enabled.
10:59:03.371 [main] ERROR o.s.boot.SpringApplication - Application run failed
org.springframework.beans.factory.UnsatisfiedDependencyException: Error creating bean with name 'userController': Unsatisfied dependency expressed through field 'weatherservice'; nested exception is org.springframework.beans.factory.BeanCreationException: Error creating bean with name 'weatherService': Injection of autowired dependencies failed; nested exception is java.lang.IllegalArgumentException: Could not resolve placeholder 'weather.api.key' in value "${weather.api.key}"
	at org.springframework.beans.factory.annotation.AutowiredAnnotationBeanPostProcessor$AutowiredFieldElement.resolveFieldValue(AutowiredAnnotationBeanPostProcessor.java:713)
	at org.springframework.beans.factory.annotation.AutowiredAnnotationBeanPostProcessor$AutowiredFieldElement.inject(AutowiredAnnotationBeanPostProcessor.java:693)
	at org.springframework.beans.factory.annotation.InjectionMetadata.inject(InjectionMetadata.java:119)
	at org.springframework.beans.factory.annotation.AutowiredAnnotationBeanPostProcessor.postProcessProperties(AutowiredAnnotationBeanPostProcessor.java:408)
	at org.springframework.beans.factory.support.AbstractAutowireCapableBeanFactory.populateBean(AbstractAutowireCapableBeanFactory.java:1431)
	at org.springframework.beans.factory.support.AbstractAutowireCapableBeanFactory.doCreateBean(AbstractAutowireCapableBeanFactory.java:619)
	at org.springframework.beans.factory.support.AbstractAutowireCapableBeanFactory.createBean(AbstractAutowireCapableBeanFactory.java:542)
	at org.springframework.beans.factory.support.AbstractBeanFactory.lambda$doGetBean$0(AbstractBeanFactory.java:335)
	at org.springframework.beans.factory.support.DefaultSingletonBeanRegistry.getSingleton(DefaultSingletonBeanRegistry.java:234)
	at org.springframework.beans.factory.support.AbstractBeanFactory.doGetBean(AbstractBeanFactory.java:333)
	at org.springframework.beans.factory.support.AbstractBeanFactory.getBean(AbstractBeanFactory.java:208)
	at org.springframework.beans.factory.support.DefaultListableBeanFactory.preInstantiateSingletons(DefaultListableBeanFactory.java:955)
	at org.springframework.context.support.AbstractApplicationContext.finishBeanFactoryInitialization(AbstractApplicationContext.java:929)
	at org.springframework.context.support.AbstractApplicationContext.refresh(AbstractApplicationContext.java:591)
	at org.springframework.boot.web.servlet.context.ServletWebServerApplicationContext.refresh(ServletWebServerApplicationContext.java:147)
	at org.springframework.boot.SpringApplication.refresh(SpringApplication.java:732)
	at org.springframework.boot.SpringApplication.refreshContext(SpringApplication.java:409)
	at org.springframework.boot.SpringApplication.run(SpringApplication.java:308)
	at org.springframework.boot.SpringApplication.run(SpringApplication.java:1300)
	at org.springframework.boot.SpringApplication.run(SpringApplication.java:1289)
	at net.engineeringdigest.JournalApp.JournalApplication.main(JournalApplication.java:20)
Caused by: org.springframework.beans.factory.BeanCreationException: Error creating bean with name 'weatherService': Injection of autowired dependencies failed; nested exception is java.lang.IllegalArgumentException: Could not resolve placeholder 'weather.api.key' in value "${weather.api.key}"
	at org.springframework.beans.factory.annotation.AutowiredAnnotationBeanPostProcessor.postProcessProperties(AutowiredAnnotationBeanPostProcessor.java:414)
	at org.springframework.beans.factory.support.AbstractAutowireCapableBeanFactory.populateBean(AbstractAutowireCapableBeanFactory.java:1431)
	at org.springframework.beans.factory.support.AbstractAutowireCapableBeanFactory.doCreateBean(AbstractAutowireCapableBeanFactory.java:619)
	at org.springframework.beans.factory.support.AbstractAutowireCapableBeanFactory.createBean(AbstractAutowireCapableBeanFactory.java:542)
	at org.springframework.beans.factory.support.AbstractBeanFactory.lambda$doGetBean$0(AbstractBeanFactory.java:335)
	at org.springframework.beans.factory.support.DefaultSingletonBeanRegistry.getSingleton(DefaultSingletonBeanRegistry.java:234)
	at org.springframework.beans.factory.support.AbstractBeanFactory.doGetBean(AbstractBeanFactory.java:333)
	at org.springframework.beans.factory.support.AbstractBeanFactory.getBean(AbstractBeanFactory.java:208)
	at org.springframework.beans.factory.config.DependencyDescriptor.resolveCandidate(DependencyDescriptor.java:276)
	at org.springframework.beans.factory.support.DefaultListableBeanFactory.doResolveDependency(DefaultListableBeanFactory.java:1391)
	at org.springframework.beans.factory.support.DefaultListableBeanFactory.resolveDependency(DefaultListableBeanFactory.java:1311)
	at org.springframework.beans.factory.annotation.AutowiredAnnotationBeanPostProcessor$AutowiredFieldElement.resolveFieldValue(AutowiredAnnotationBeanPostProcessor.java:710)
	... 20 common frames omitted
Caused by: java.lang.IllegalArgumentException: Could not resolve placeholder 'weather.api.key' in value "${weather.api.key}"
	at org.springframework.util.PropertyPlaceholderHelper.parseStringValue(PropertyPlaceholderHelper.java:180)
	at org.springframework.util.PropertyPlaceholderHelper.replacePlaceholders(PropertyPlaceholderHelper.java:126)
	at org.springframework.core.env.AbstractPropertyResolver.doResolvePlaceholders(AbstractPropertyResolver.java:239)
	at org.springframework.core.env.AbstractPropertyResolver.resolveRequiredPlaceholders(AbstractPropertyResolver.java:210)
	at org.springframework.context.support.PropertySourcesPlaceholderConfigurer.lambda$processProperties$0(PropertySourcesPlaceholderConfigurer.java:191)
	at org.springframework.beans.factory.support.AbstractBeanFactory.resolveEmbeddedValue(AbstractBeanFactory.java:936)
	at org.springframework.beans.factory.support.DefaultListableBeanFactory.doResolveDependency(DefaultListableBeanFactory.java:1332)
	at org.springframework.beans.factory.support.DefaultListableBeanFactory.resolveDependency(DefaultListableBeanFactory.java:1311)
	at org.springframework.beans.factory.annotation.AutowiredAnnotationBeanPostProcessor$AutowiredFieldElement.resolveFieldValue(AutowiredAnnotationBeanPostProcessor.java:710)
	at org.springframework.beans.factory.annotation.AutowiredAnnotationBeanPostProcessor$AutowiredFieldElement.inject(AutowiredAnnotationBeanPostProcessor.java:693)
	at org.springframework.beans.factory.annotation.InjectionMetadata.inject(InjectionMetadata.java:119)
	at org.springframework.beans.factory.annotation.AutowiredAnnotationBeanPostProcessor.postProcessProperties(AutowiredAnnotationBeanPostProcessor.java:408)
	... 31 common frames omitted
